// Jest Snapshot v1, https://goo.gl/fbAQLP

exports[`<Login /> with no props should match the snapshot 1`] = `"<div class=\\"MuiGrid-root LoginComponent-parent-3 MuiGrid-container\\"><div class=\\"MuiGrid-root MuiGrid-item MuiGrid-grid-xs-12 MuiGrid-grid-md-7\\"><h4 class=\\"MuiTypography-root MuiTypography-h4\\">Login</h4></div><div class=\\"MuiGrid-root MuiGrid-item MuiGrid-grid-xs-12 MuiGrid-grid-md-7\\"><div class=\\"MuiFormControl-root MuiTextField-root LoginComponent-textField-1 MuiFormControl-marginNormal\\"><label class=\\"MuiFormLabel-root MuiInputLabel-root MuiInputLabel-formControl MuiInputLabel-animated\\" data-shrink=\\"false\\" for=\\"user-name\\">username</label><div class=\\"MuiInputBase-root MuiInput-root MuiInput-underline MuiInputBase-formControl MuiInput-formControl\\"><input type=\\"text\\" aria-invalid=\\"false\\" class=\\"MuiInputBase-input MuiInput-input\\" id=\\"user-name\\" value=\\"\\"/></div></div></div><div class=\\"MuiGrid-root MuiGrid-item MuiGrid-grid-xs-12 MuiGrid-grid-md-7\\"><div class=\\"MuiFormControl-root MuiTextField-root LoginComponent-textField-1 MuiFormControl-marginNormal\\"><label class=\\"MuiFormLabel-root MuiInputLabel-root MuiInputLabel-formControl MuiInputLabel-animated\\" data-shrink=\\"false\\" for=\\"password\\">password</label><div class=\\"MuiInputBase-root MuiInput-root MuiInput-underline MuiInputBase-formControl MuiInput-formControl\\"><input type=\\"text\\" aria-invalid=\\"false\\" class=\\"MuiInputBase-input MuiInput-input\\" id=\\"password\\" value=\\"\\"/></div></div></div><div class=\\"MuiGrid-root MuiGrid-item MuiGrid-grid-xs-12 MuiGrid-grid-md-7\\"><span class=\\"MuiTypography-root MuiTypography-caption\\" style=\\"color:red\\"></span></div><div class=\\"MuiGrid-root MuiGrid-item MuiGrid-align-content-xs-center MuiGrid-grid-xs-12 MuiGrid-grid-md-7\\"><div class=\\"MuiBox-root MuiBox-root-194\\"><button class=\\"MuiButtonBase-root MuiButton-root MuiButton-contained MuiButton-containedPrimary LoginComponent-button-2 Mui-disabled Mui-disabled\\" tabindex=\\"-1\\" type=\\"button\\" disabled=\\"\\"><span class=\\"MuiButton-label\\">Submit</span></button></div></div></div>"`;
